---
source: tests/integration/systemd.rs
expression: timer_content
---
[Unit]
Description=Timer for git_obsidian
[Timer]
OnCalendar=*:7/15
Unit=git_obsidian.service
[Install]
WantedBy=timers.target
